// Jest Snapshot v1, https://goo.gl/fbAQLP

exports[`<OffersNearby /> should render  1`] = `
<ApartmentList
  offersShow={Array []}
/>
`;
