// Jest Snapshot v1, https://goo.gl/fbAQLP

exports[`<Favorites /> should render favorites page  1`] = `
<div
  className="page"
>
  <header
    className="header"
  >
    <div
      className="container"
    >
      <div
        className="header__wrapper"
      >
        <div
          className="header__left"
        >
          <a
            className="header__logo-link"
            href="/"
            onClick={[Function]}
          >
            <img
              alt="6 cities logo"
              className="header__logo"
              height={41}
              src="img/logo.svg"
              width={81}
            />
          </a>
        </div>
        <nav
          className="header__nav"
        >
          <ul
            className="header__nav-list"
          >
            <li
              className="header__nav-item user"
            >
              <UserProfile />
            </li>
          </ul>
        </nav>
      </div>
    </div>
  </header>
  <main
    className="page__main page__main--favorites"
  >
    <div
      className="page__favorites-container container"
    >
      <section
        className="favorites"
      >
        <h1
          className="favorites__title"
        >
          Saved listing
        </h1>
        <ul
          className="favorites__list"
        >
          <li
            className="favorites__locations-items"
          >
            <div
              className="favorites__locations locations locations--current"
            >
              <div
                className="locations__item"
              >
                <a
                  className="locations__item-link"
                  href="/"
                  onClick={[Function]}
                >
                  <span>
                    Dusseldorf
                  </span>
                </a>
              </div>
            </div>
            <ApartmentList
              isFavoriteList={true}
              offersShow={Array []}
              onCardHover={[Function]}
            />
          </li>
          <li
            className="favorites__locations-items"
          >
            <div
              className="favorites__locations locations locations--current"
            >
              <div
                className="locations__item"
              >
                <a
                  className="locations__item-link"
                  href="/"
                  onClick={[Function]}
                >
                  <span>
                    Amsterdam
                  </span>
                </a>
              </div>
            </div>
            <ApartmentList
              isFavoriteList={true}
              offersShow={Array []}
              onCardHover={[Function]}
            />
          </li>
          <li
            className="favorites__locations-items"
          >
            <div
              className="favorites__locations locations locations--current"
            >
              <div
                className="locations__item"
              >
                <a
                  className="locations__item-link"
                  href="/"
                  onClick={[Function]}
                >
                  <span>
                    Cologne
                  </span>
                </a>
              </div>
            </div>
            <ApartmentList
              isFavoriteList={true}
              offersShow={Array []}
              onCardHover={[Function]}
            />
          </li>
        </ul>
      </section>
    </div>
  </main>
  <footer
    className="footer container"
  >
    <a
      className="footer__logo-link"
      href="main.html"
    >
      <img
        alt="6 cities logo"
        className="footer__logo"
        height={33}
        src="img/logo.svg"
        width={64}
      />
    </a>
  </footer>
</div>
`;
