// Jest Snapshot v1, https://goo.gl/fbAQLP

exports[`Test ApartmentCard component <ApartmentCard /> should render apartment card  1`] = `<h1 />`;
