// Jest Snapshot v1, https://goo.gl/fbAQLP

exports[`<ApartmentDetailInfo /> should render apartment-detail-info page  1`] = `<h1 />`;
