// Jest Snapshot v1, https://goo.gl/fbAQLP

exports[`Review section render 1`] = `
<li
  className="reviews__item"
>
  <div
    className="reviews__user user"
  >
    <div
      className="reviews__avatar-wrapper user__avatar-wrapper"
    >
      <img
        alt="Reviews avatar"
        className="reviews__avatar user__avatar"
        height={54}
        width={54}
      />
    </div>
    <span
      className="reviews__user-name"
    />
  </div>
  <div
    className="reviews__info"
  >
    <div
      className="reviews__rating rating"
    >
      <div
        className="reviews__stars rating__stars"
      >
        <span
          style={
            Object {
              "width": "NaN%",
            }
          }
        />
        <span
          className="visually-hidden"
        >
          Rating
        </span>
      </div>
    </div>
    <p
      className="reviews__text"
    />
    <time
      className="reviews__time"
      dateTime="2019-04-24"
    >
      February 2018
    </time>
  </div>
</li>
`;
