// Jest Snapshot v1, https://goo.gl/fbAQLP

exports[`Test render App component <App /> should render page 1`] = `<ApartmentDetailInfo />`;
