// Jest Snapshot v1, https://goo.gl/fbAQLP

exports[`<PageHeader /> should render  1`] = `
<header
  className="header"
>
  <div
    className="container"
  >
    <div
      className="header__wrapper"
    >
      <div
        className="header__left"
      >
        <a
          className="header__logo-link header__logo-link--active"
          href="/"
          onClick={[Function]}
        >
          <img
            alt="6 cities logo"
            className="header__logo"
            height="41"
            src="/img/logo.svg"
            width="81"
          />
        </a>
      </div>
      <nav
        className="header__nav"
      >
        <ul
          className="header__nav-list"
        >
          <li
            className="header__nav-item user"
          >
            <UserProfile />
          </li>
        </ul>
      </nav>
    </div>
  </div>
</header>
`;
