// Jest Snapshot v1, https://goo.gl/fbAQLP

exports[`SingIng section render 1`] = `null`;
