// Jest Snapshot v1, https://goo.gl/fbAQLP

exports[`<CityList /> should render cityes buttons 1`] = `<h1 />`;
